ERC report (2026-09-14T00:26:20, Encoding UTF8)
Report includes: Errors, Warnings, Exclusions

***** Sheet /
[hier_label_mismatch]: Sheet pin TAMPER has no matching hierarchical label inside the sheet
    ; error
    @(162.56 mm, 38.10 mm): Hierarchical Sheet Pin 'TAMPER'
[isolated_pin_label]: Label connected to only one pin
    ; warning
    @(123.19 mm, 113.03 mm): Hierarchical Label 'PB13'

***** Sheet /Power/
[multiple_net_names]: Both CE and PROG2 are attached to the same items; CE will be used in the netlist
    ; warning
    @(177.80 mm, 143.51 mm): Global Label 'CE'
    @(177.80 mm, 133.35 mm): Global Label 'PROG2'

***** Sheet /STM32/

***** Sheet /GPS/

***** Sheet /Crypt/

***** Sheet /LoRA/

***** Sheet /Tamper/
[hier_label_mismatch]: Hierarchical label TAMPER_1 has no matching sheet pin in the parent sheet
    ; error
    @(80.01 mm, 40.64 mm): Hierarchical Label 'TAMPER_1'

 ** ERC messages: 4  Errors 2  Warnings 2

 ** Ignored checks:
    - Global label only appears once in the schematic
    - Four connection points are joined together
    - SPICE model issue
    - Assigned footprint doesn't match footprint filters
