** Drc report for crypto_node.kicad_pcb **
** Created on 2026-09-19T22:09:19 **
** Report includes: Errors, Warnings **

** Found 25 DRC violations **
[invalid_outline]: Board has malformed outline (no edges found on Edge.Cuts layer)
    Local override; error
    @(0.0000 mm, 0.0000 mm): PCB
[drill_out_of_range]: Hole size out of range (board setup constraints min hole 0.3500 mm; actual 0.2000 mm)
    Rule: board setup constraints; error
    @(-213.5625 mm, 123.0000 mm): PTH pad 21 [GND] of U2
[drill_out_of_range]: Hole size out of range (board setup constraints min hole 0.3500 mm; actual 0.2000 mm)
    Rule: board setup constraints; error
    @(-213.5625 mm, 121.0000 mm): PTH pad 21 [GND] of U2
[drill_out_of_range]: Hole size out of range (board setup constraints min hole 0.3500 mm; actual 0.2000 mm)
    Rule: board setup constraints; error
    @(-215.5625 mm, 123.0000 mm): PTH pad 21 [GND] of U2
[drill_out_of_range]: Hole size out of range (board setup constraints min hole 0.3500 mm; actual 0.2000 mm)
    Rule: board setup constraints; error
    @(-215.5625 mm, 121.0000 mm): PTH pad 21 [GND] of U2
[clearance]: Clearance violation ( clearance 0.2000 mm; actual 0.1500 mm)
    Local override; error
    @(-140.8825 mm, 130.2550 mm): Pad 2 [/Power/TPS_EN] of U1 on F.Cu
    @(-140.8825 mm, 129.7550 mm): Pad 1 [/Power/TPS_FB] of U1 on F.Cu
[clearance]: Clearance violation ( clearance 0.2000 mm; actual 0.1500 mm)
    Local override; error
    @(-140.8825 mm, 130.2550 mm): Pad 2 [/Power/TPS_EN] of U1 on F.Cu
    @(-140.8825 mm, 130.7550 mm): Pad 3 [+VCOM] of U1 on F.Cu
[clearance]: Clearance violation ( clearance 0.2000 mm; actual 0.1500 mm)
    Local override; error
    @(317.5250 mm, 25.9000 mm): Pad 2 [unconnected-(U7-NC-Pad2)] of U7 on F.Cu
    @(319.0125 mm, 26.3000 mm): Pad 21 [GND] of U7 on F.Cu
[clearance]: Clearance violation ( clearance 0.2000 mm; actual 0.1500 mm)
    Local override; error
    @(-139.4575 mm, 130.7550 mm): Pad 4 [GND] of U1 on F.Cu
    @(-139.4575 mm, 130.2550 mm): Pad 5 [/Power/TPS_SW] of U1 on F.Cu
[clearance]: Clearance violation ( clearance 0.2000 mm; actual 0.1500 mm)
    Local override; error
    @(-139.4575 mm, 130.2550 mm): Pad 5 [/Power/TPS_SW] of U1 on F.Cu
    @(-139.4575 mm, 129.7550 mm): Pad 6 [+5V] of U1 on F.Cu
[clearance]: Clearance violation ( clearance 0.2000 mm; actual 0.1500 mm)
    Local override; error
    @(317.5250 mm, 26.3000 mm): Pad 3 [unconnected-(U7-ISO7816_IO1-Pad3)] of U7 on F.Cu
    @(319.0125 mm, 26.3000 mm): Pad 21 [GND] of U7 on F.Cu
[clearance]: Clearance violation ( clearance 0.2000 mm; actual 0.1500 mm)
    Local override; error
    @(317.5250 mm, 26.7000 mm): Pad 4 [unconnected-(U7-NC-Pad4)] of U7 on F.Cu
    @(319.0125 mm, 26.3000 mm): Pad 21 [GND] of U7 on F.Cu
[clearance]: Clearance violation ( clearance 0.2000 mm; actual 0.1500 mm)
    Local override; error
    @(317.5250 mm, 27.1000 mm): Pad 5 [unconnected-(U7-NC-Pad5)] of U7 on F.Cu
    @(319.0125 mm, 26.3000 mm): Pad 21 [GND] of U7 on F.Cu
[clearance]: Clearance violation ( clearance 0.2000 mm; actual 0.1500 mm)
    Local override; error
    @(318.2125 mm, 27.7875 mm): Pad 6 [unconnected-(U7-NC-Pad6)] of U7 on F.Cu
    @(319.0125 mm, 26.3000 mm): Pad 21 [GND] of U7 on F.Cu
[clearance]: Clearance violation ( clearance 0.2000 mm; actual 0.1500 mm)
    Local override; error
    @(318.6125 mm, 27.7875 mm): Pad 7 [unconnected-(U7-NC-Pad7)] of U7 on F.Cu
    @(319.0125 mm, 26.3000 mm): Pad 21 [GND] of U7 on F.Cu
[clearance]: Clearance violation ( clearance 0.2000 mm; actual 0.1500 mm)
    Local override; error
    @(319.0125 mm, 27.7875 mm): Pad 8 [unconnected-(U7-NC-Pad8)] of U7 on F.Cu
    @(319.0125 mm, 26.3000 mm): Pad 21 [GND] of U7 on F.Cu
[clearance]: Clearance violation ( clearance 0.2000 mm; actual 0.1500 mm)
    Local override; error
    @(319.4125 mm, 27.7875 mm): Pad 9 [/Crypt/CRYPT_SDA] of U7 on F.Cu
    @(319.0125 mm, 26.3000 mm): Pad 21 [GND] of U7 on F.Cu
[clearance]: Clearance violation ( clearance 0.2000 mm; actual 0.1500 mm)
    Local override; error
    @(319.8125 mm, 27.7875 mm): Pad 10 [/Crypt/CRYPT_SCL] of U7 on F.Cu
    @(319.0125 mm, 26.3000 mm): Pad 21 [GND] of U7 on F.Cu
[clearance]: Clearance violation ( clearance 0.2000 mm; actual 0.1500 mm)
    Local override; error
    @(320.5000 mm, 27.1000 mm): Pad 11 [+CRYPT_3V3] of U7 on F.Cu
    @(319.0125 mm, 26.3000 mm): Pad 21 [GND] of U7 on F.Cu
[clearance]: Clearance violation ( clearance 0.2000 mm; actual 0.1500 mm)
    Local override; error
    @(320.5000 mm, 26.7000 mm): Pad 12 [+CRYPT_3V3] of U7 on F.Cu
    @(319.0125 mm, 26.3000 mm): Pad 21 [GND] of U7 on F.Cu
[clearance]: Clearance violation ( clearance 0.2000 mm; actual 0.1500 mm)
    Local override; error
    @(320.5000 mm, 26.3000 mm): Pad 13 [unconnected-(U7-ISO7816_CLK-Pad13)] of U7 on F.Cu
    @(319.0125 mm, 26.3000 mm): Pad 21 [GND] of U7 on F.Cu
[clearance]: Clearance violation ( clearance 0.2000 mm; actual 0.1500 mm)
    Local override; error
    @(320.5000 mm, 25.5000 mm): Pad 15 [unconnected-(U7-VOUT-Pad15)] of U7 on F.Cu
    @(319.0125 mm, 26.3000 mm): Pad 21 [GND] of U7 on F.Cu
[clearance]: Clearance violation ( clearance 0.2000 mm; actual 0.1500 mm)
    Local override; error
    @(319.8125 mm, 24.8125 mm): Pad 16 [unconnected-(U7-ISO7816_IO2-Pad16)] of U7 on F.Cu
    @(319.0125 mm, 26.3000 mm): Pad 21 [GND] of U7 on F.Cu
[clearance]: Clearance violation ( clearance 0.2000 mm; actual 0.1500 mm)
    Local override; error
    @(319.0125 mm, 24.8125 mm): Pad 18 [+CRYPT_3V3] of U7 on F.Cu
    @(319.0125 mm, 26.3000 mm): Pad 21 [GND] of U7 on F.Cu
[clearance]: Clearance violation ( clearance 0.2000 mm; actual 0.1500 mm)
    Local override; error
    @(318.2125 mm, 24.8125 mm): Pad 20 [unconnected-(U7-NC-Pad20)] of U7 on F.Cu
    @(319.0125 mm, 26.3000 mm): Pad 21 [GND] of U7 on F.Cu

** Found 249 unconnected pads **
[unconnected_items]: Missing connection between items
    Local override; error
    @(-140.9825 mm, 138.1500 mm): Pad 1 [+5V] of C7 on F.Cu
    @(-135.1825 mm, 134.9000 mm): Pad 1 [+5V] of C6 on F.Cu
[unconnected_items]: Missing connection between items
    Local override; error
    @(-139.4575 mm, 129.7550 mm): Pad 6 [+5V] of U1 on F.Cu
    @(-135.1825 mm, 130.6500 mm): Pad 1 [+5V] of C5 on F.Cu
[unconnected_items]: Missing connection between items
    Local override; error
    @(-139.4575 mm, 129.7550 mm): Pad 6 [+5V] of U1 on F.Cu
    @(-146.6200 mm, 130.1500 mm): Pad 1 [+5V] of R9 on F.Cu
[unconnected_items]: Missing connection between items
    Local override; error
    @(-135.1825 mm, 134.9000 mm): Pad 1 [+5V] of C6 on F.Cu
    @(-135.1825 mm, 130.6500 mm): Pad 1 [+5V] of C5 on F.Cu
[unconnected_items]: Missing connection between items
    Local override; error
    @(-120.0625 mm, 204.8500 mm): Pad 1 [+5V] of C14 on F.Cu
    @(-113.3500 mm, 188.4500 mm): Pad 3 [+5V] of U3 on F.Cu
[unconnected_items]: Missing connection between items
    Local override; error
    @(-119.6250 mm, 184.0000 mm): Pad 1 [+5V] of C13 on F.Cu
    @(-113.3500 mm, 186.5500 mm): Pad 1 [+5V] of U3 on F.Cu
[unconnected_items]: Missing connection between items
    Local override; error
    @(-119.6250 mm, 184.0000 mm): Pad 1 [+5V] of C13 on F.Cu
    @(-140.9825 mm, 138.1500 mm): Pad 1 [+5V] of C7 on F.Cu
[unconnected_items]: Missing connection between items
    Local override; error
    @(-113.3500 mm, 186.5500 mm): Pad 1 [+5V] of U3 on F.Cu
    @(-113.3500 mm, 188.4500 mm): Pad 3 [+5V] of U3 on F.Cu
[unconnected_items]: Missing connection between items
    Local override; error
    @(-113.3500 mm, 186.5500 mm): Pad 1 [+5V] of U3 on F.Cu
    @(-107.7250 mm, 184.5000 mm): Pad 1 [+5V] of C11 on F.Cu
[unconnected_items]: Missing connection between items
    Local override; error
    @(-112.8500 mm, 207.0500 mm): Pad 1 [+5V] of U4 on F.Cu
    @(-105.8625 mm, 205.5000 mm): Pad 1 [+5V] of C12 on F.Cu
[unconnected_items]: Missing connection between items
    Local override; error
    @(-112.8500 mm, 207.0500 mm): Pad 1 [+5V] of U4 on F.Cu
    @(-120.0625 mm, 204.8500 mm): Pad 1 [+5V] of C14 on F.Cu
[unconnected_items]: Missing connection between items
    Local override; error
    @(-112.8500 mm, 208.9500 mm): Pad 3 [+5V] of U4 on F.Cu
    @(-112.8500 mm, 207.0500 mm): Pad 1 [+5V] of U4 on F.Cu
[unconnected_items]: Missing connection between items
    Local override; error
    @(-105.8625 mm, 205.5000 mm): Pad 1 [+5V] of C12 on F.Cu
    @(354.6900 mm, 256.4900 mm): PTH pad 1 [+5V] of U6
[unconnected_items]: Missing connection between items
    Local override; error
    @(354.6900 mm, 256.4900 mm): PTH pad 1 [+5V] of U6
    @(376.3375 mm, 246.7850 mm): Pad 1 [+5V] of C37 on F.Cu
[unconnected_items]: Missing connection between items
    Local override; error
    @(376.3375 mm, 246.7850 mm): Pad 1 [+5V] of C37 on F.Cu
    @(376.4675 mm, 243.8550 mm): Pad 1 [+5V] of C36 on F.Cu
[unconnected_items]: Missing connection between items
    Local override; error
    @(376.4675 mm, 243.8550 mm): Pad 1 [+5V] of C36 on F.Cu
    @(453.5825 mm, 181.0200 mm): PTH pad 6 [+5V] of U8
[unconnected_items]: Missing connection between items
    Local override; error
    @(453.5825 mm, 181.0200 mm): PTH pad 6 [+5V] of U8
    @(471.6300 mm, 180.1700 mm): Pad 1 [+5V] of C40 on F.Cu
[unconnected_items]: Missing connection between items
    Local override; error
    @(471.5000 mm, 189.0000 mm): Pad 1 [+5V] of C41 on F.Cu
    @(471.6300 mm, 180.1700 mm): Pad 1 [+5V] of C40 on F.Cu
[unconnected_items]: Missing connection between items
    Local override; error
    @(-144.6200 mm, 130.1500 mm): Pad 2 [/Power/TPS_FB] of R9 on F.Cu
    @(-146.6200 mm, 133.1000 mm): Pad 1 [/Power/TPS_FB] of R10 on F.Cu
[unconnected_items]: Missing connection between items
    Local override; error
    @(-140.8825 mm, 129.7550 mm): Pad 1 [/Power/TPS_FB] of U1 on F.Cu
    @(-144.6200 mm, 130.1500 mm): Pad 2 [/Power/TPS_FB] of R9 on F.Cu
[unconnected_items]: Missing connection between items
    Local override; error
    @(-212.6250 mm, 122.5000 mm): Pad 2 [/Power/VPCC] of U2 on F.Cu
    @(-204.2500 mm, 123.6500 mm): Pad 1 [/Power/VPCC] of R12 on F.Cu
[unconnected_items]: Missing connection between items
    Local override; error
    @(-204.2500 mm, 123.6500 mm): Pad 1 [/Power/VPCC] of R12 on F.Cu
    @(-202.2500 mm, 120.7000 mm): Pad 2 [/Power/VPCC] of R11 on F.Cu
[unconnected_items]: Missing connection between items
    Local override; error
    @(-242.5700 mm, 107.0750 mm): PTH pad SH [GND] of J1
    @(-241.4500 mm, 106.5000 mm): Pad A1 [GND] of J1 on F.Cu
[unconnected_items]: Missing connection between items
    Local override; error
    @(-242.5700 mm, 107.0750 mm): PTH pad SH [GND] of J1
    @(-242.5700 mm, 111.2550 mm): PTH pad SH [GND] of J1
[unconnected_items]: Missing connection between items
    Local override; error
    @(-241.4500 mm, 106.5000 mm): Pad A1 [GND] of J1 on F.Cu
    @(-235.0500 mm, 106.5000 mm): Pad A12 [GND] of J1 on F.Cu
[unconnected_items]: Missing connection between items
    Local override; error
    @(-240.4375 mm, 101.5000 mm): Pad 2 [GND] of C3 on F.Cu
    @(-241.4500 mm, 106.5000 mm): Pad A1 [GND] of J1 on F.Cu
[unconnected_items]: Missing connection between items
    Local override; error
    @(-235.0500 mm, 106.5000 mm): Pad A12 [GND] of J1 on F.Cu
    @(-233.5000 mm, 102.5000 mm): Pad 2 [GND] of R6 on F.Cu
[unconnected_items]: Missing connection between items
    Local override; error
    @(-233.9300 mm, 107.0750 mm): PTH pad SH [GND] of J1
    @(-235.0500 mm, 106.5000 mm): Pad A12 [GND] of J1 on F.Cu
[unconnected_items]: Missing connection between items
    Local override; error
    @(-233.9300 mm, 111.2550 mm): PTH pad SH [GND] of J1
    @(-233.9300 mm, 107.0750 mm): PTH pad SH [GND] of J1
[unconnected_items]: Missing connection between items
    Local override; error
    @(-231.5000 mm, 143.5000 mm): Pad 1 [GND] of R8 on F.Cu
    @(-229.0000 mm, 156.5000 mm): PTH pad 2 [GND] of BT1
[unconnected_items]: Missing connection between items
    Local override; error
    @(-230.7050 mm, 111.2600 mm): Pad 1 [GND] of D1 on F.Cu
    @(-233.9300 mm, 111.2550 mm): PTH pad SH [GND] of J1
[unconnected_items]: Missing connection between items
    Local override; error
    @(-229.2750 mm, 108.0000 mm): Pad 2 [GND] of C4 on F.Cu
    @(-230.7050 mm, 111.2600 mm): Pad 1 [GND] of D1 on F.Cu
[unconnected_items]: Missing connection between items
    Local override; error
    @(-229.0000 mm, 102.9500 mm): Pad 2 [GND] of R7 on F.Cu
    @(-233.5000 mm, 102.5000 mm): Pad 2 [GND] of R6 on F.Cu
[unconnected_items]: Missing connection between items
    Local override; error
    @(-216.5000 mm, 121.0000 mm): Pad 11 [GND] of U2 on F.Cu
    @(-215.5625 mm, 121.0000 mm): PTH pad 21 [GND] of U2
[unconnected_items]: Missing connection between items
    Local override; error
    @(-216.5000 mm, 121.0000 mm): Pad 11 [GND] of U2 on F.Cu
    @(-230.7050 mm, 111.2600 mm): Pad 1 [GND] of D1 on F.Cu
[unconnected_items]: Missing connection between items
    Local override; error
    @(-215.5625 mm, 121.0000 mm): PTH pad 21 [GND] of U2
    @(-215.5625 mm, 120.0625 mm): Pad 10 [GND] of U2 on F.Cu
[unconnected_items]: Missing connection between items
    Local override; error
    @(-211.8175 mm, 127.6000 mm): Pad 2 [GND] of C8 on F.Cu
    @(-213.5625 mm, 123.0000 mm): PTH pad 21 [GND] of U2
[unconnected_items]: Missing connection between items
    Local override; error
    @(-211.8175 mm, 130.9500 mm): Pad 2 [GND] of C9 on F.Cu
    @(-211.8175 mm, 127.6000 mm): Pad 2 [GND] of C8 on F.Cu
[unconnected_items]: Missing connection between items
    Local override; error
    @(-211.8175 mm, 134.3000 mm): Pad 2 [GND] of C10 on F.Cu
    @(-211.8175 mm, 130.9500 mm): Pad 2 [GND] of C9 on F.Cu
[unconnected_items]: Missing connection between items
    Local override; error
    @(-211.8175 mm, 134.3000 mm): Pad 2 [GND] of C10 on F.Cu
    @(-231.5000 mm, 143.5000 mm): Pad 1 [GND] of R8 on F.Cu
[unconnected_items]: Missing connection between items
    Local override; error
    @(-202.2500 mm, 123.6500 mm): Pad 2 [GND] of R12 on F.Cu
    @(-202.2500 mm, 126.6000 mm): Pad 2 [GND] of R13 on F.Cu
[unconnected_items]: Missing connection between items
    Local override; error
    @(-202.2500 mm, 126.6000 mm): Pad 2 [GND] of R13 on F.Cu
    @(-211.8175 mm, 127.6000 mm): Pad 2 [GND] of C8 on F.Cu
[unconnected_items]: Missing connection between items
    Local override; error
    @(-202.2500 mm, 129.5500 mm): Pad 2 [GND] of R14 on F.Cu
    @(-202.2500 mm, 126.6000 mm): Pad 2 [GND] of R13 on F.Cu
[unconnected_items]: Missing connection between items
    Local override; error
    @(-202.2500 mm, 132.5000 mm): Pad 2 [GND] of R15 on F.Cu
    @(-202.2500 mm, 129.5500 mm): Pad 2 [GND] of R14 on F.Cu
[unconnected_items]: Missing connection between items
    Local override; error
    @(-197.5000 mm, 132.5000 mm): Pad 2 [GND] of R21 on F.Cu
    @(-202.2500 mm, 132.5000 mm): Pad 2 [GND] of R15 on F.Cu
[unconnected_items]: Missing connection between items
    Local override; error
    @(-163.0000 mm, 133.4500 mm): Pad 2 [GND] of R20 on F.Cu
    @(-197.5000 mm, 132.5000 mm): Pad 2 [GND] of R21 on F.Cu
[unconnected_items]: Missing connection between items
    Local override; error
    @(-144.6200 mm, 133.1000 mm): Pad 2 [GND] of R10 on F.Cu
    @(-163.0000 mm, 133.4500 mm): Pad 2 [GND] of R20 on F.Cu
[unconnected_items]: Missing connection between items
    Local override; error
    @(-139.9375 mm, 126.5000 mm): Pad 2 [GND] of C2 on F.Cu
    @(-139.4575 mm, 130.7550 mm): Pad 4 [GND] of U1 on F.Cu
[unconnected_items]: Missing connection between items
    Local override; error
    @(-139.4575 mm, 130.7550 mm): Pad 4 [GND] of U1 on F.Cu
    @(-139.3950 mm, 134.1500 mm): Pad 2 [GND] of C1 on F.Cu
[unconnected_items]: Missing connection between items
    Local override; error
    @(-139.3950 mm, 134.1500 mm): Pad 2 [GND] of C1 on F.Cu
    @(-144.6200 mm, 133.1000 mm): Pad 2 [GND] of R10 on F.Cu
[unconnected_items]: Missing connection between items
    Local override; error
    @(-139.2575 mm, 138.1500 mm): Pad 2 [GND] of C7 on F.Cu
    @(-139.3950 mm, 134.1500 mm): Pad 2 [GND] of C1 on F.Cu
[unconnected_items]: Missing connection between items
    Local override; error
    @(-139.2575 mm, 138.1500 mm): Pad 2 [GND] of C7 on F.Cu
    @(-116.5000 mm, 184.0000 mm): Pad 2 [GND] of C13 on F.Cu
[unconnected_items]: Missing connection between items
    Local override; error
    @(-132.0575 mm, 130.6500 mm): Pad 2 [GND] of C5 on F.Cu
    @(-132.0575 mm, 134.9000 mm): Pad 2 [GND] of C6 on F.Cu
[unconnected_items]: Missing connection between items
    Local override; error
    @(-132.0575 mm, 134.9000 mm): Pad 2 [GND] of C6 on F.Cu
    @(-139.3950 mm, 134.1500 mm): Pad 2 [GND] of C1 on F.Cu
[unconnected_items]: Missing connection between items
    Local override; error
    @(-116.9375 mm, 204.8500 mm): Pad 2 [GND] of C14 on F.Cu
    @(-112.8500 mm, 208.0000 mm): Pad 2 [GND] of U4 on F.Cu
[unconnected_items]: Missing connection between items
    Local override; error
    @(-116.9375 mm, 204.8500 mm): Pad 2 [GND] of C14 on F.Cu
    @(-116.5000 mm, 190.7000 mm): Pad 2 [GND] of C15 on F.Cu
[unconnected_items]: Missing connection between items
    Local override; error
    @(-113.3500 mm, 187.5000 mm): Pad 2 [GND] of U3 on F.Cu
    @(-116.5000 mm, 190.7000 mm): Pad 2 [GND] of C15 on F.Cu
[unconnected_items]: Missing connection between items
    Local override; error
    @(-113.3500 mm, 187.5000 mm): Pad 2 [GND] of U3 on F.Cu
    @(-116.5000 mm, 184.0000 mm): Pad 2 [GND] of C13 on F.Cu
[unconnected_items]: Missing connection between items
    Local override; error
    @(-113.3500 mm, 187.5000 mm): Pad 2 [GND] of U3 on F.Cu
    @(-106.0000 mm, 189.5200 mm): Pad 2 [GND] of C17 on F.Cu
[unconnected_items]: Missing connection between items
    Local override; error
    @(-112.8500 mm, 208.0000 mm): Pad 2 [GND] of U4 on F.Cu
    @(-116.9375 mm, 211.5500 mm): Pad 2 [GND] of C16 on F.Cu
[unconnected_items]: Missing connection between items
    Local override; error
    @(-112.8500 mm, 208.0000 mm): Pad 2 [GND] of U4 on F.Cu
    @(-104.1375 mm, 205.5000 mm): Pad 2 [GND] of C12 on F.Cu
[unconnected_items]: Missing connection between items
    Local override; error
    @(-106.0000 mm, 184.5000 mm): Pad 2 [GND] of C11 on F.Cu
    @(-106.0000 mm, 189.5200 mm): Pad 2 [GND] of C17 on F.Cu
[unconnected_items]: Missing connection between items
    Local override; error
    @(-104.1375 mm, 210.5200 mm): Pad 2 [GND] of C18 on F.Cu
    @(-104.1375 mm, 205.5000 mm): Pad 2 [GND] of C12 on F.Cu
[unconnected_items]: Missing connection between items
    Local override; error
    @(47.5000 mm, 253.7200 mm): Pad 2 [GND] of R28 on F.Cu
    @(51.9125 mm, 253.3700 mm): Pad 2 [GND] of C32 on F.Cu
[unconnected_items]: Missing connection between items
    Local override; error
    @(47.5000 mm, 253.7200 mm): Pad 2 [GND] of R28 on F.Cu
    @(-104.1375 mm, 210.5200 mm): Pad 2 [GND] of C18 on F.Cu
[unconnected_items]: Missing connection between items
    Local override; error
    @(51.9125 mm, 240.8200 mm): Pad 2 [GND] of C24 on F.Cu
    @(51.9125 mm, 243.3300 mm): Pad 2 [GND] of C26 on F.Cu
[unconnected_items]: Missing connection between items
    Local override; error
    @(51.9125 mm, 248.3500 mm): Pad 2 [GND] of C29 on F.Cu
    @(54.7625 mm, 249.3500 mm): Pad 8 [GND] of U5 on F.Cu
[unconnected_items]: Missing connection between items
    Local override; error
    @(51.9125 mm, 253.3700 mm): Pad 2 [GND] of C32 on F.Cu
    @(54.7625 mm, 249.3500 mm): Pad 8 [GND] of U5 on F.Cu
[unconnected_items]: Missing connection between items
    Local override; error
    @(54.7625 mm, 249.3500 mm): Pad 8 [GND] of U5 on F.Cu
    @(58.2000 mm, 248.6000 mm): Pad 49 [GND] of U5 on F.Cu
[unconnected_items]: Missing connection between items
    Local override; error
    @(55.9500 mm, 245.1625 mm): Pad 47 [GND] of U5 on F.Cu
    @(57.0750 mm, 241.5000 mm): Pad 2 [GND] of C34 on F.Cu
[unconnected_items]: Missing connection between items
    Local override; error
    @(55.9500 mm, 245.1625 mm): Pad 47 [GND] of U5 on F.Cu
    @(58.2000 mm, 248.6000 mm): Pad 49 [GND] of U5 on F.Cu
[unconnected_items]: Missing connection between items
    Local override; error
    @(55.9500 mm, 245.1625 mm): Pad 47 [GND] of U5 on F.Cu
    @(51.9125 mm, 243.3300 mm): Pad 2 [GND] of C26 on F.Cu
[unconnected_items]: Missing connection between items
    Local override; error
    @(58.2000 mm, 248.6000 mm): Pad 49 [GND] of U5 on F.Cu
    @(60.4500 mm, 252.0375 mm): Pad 23 [GND] of U5 on F.Cu
[unconnected_items]: Missing connection between items
    Local override; error
    @(58.2000 mm, 248.6000 mm): Pad 49 [GND] of U5 on F.Cu
    @(61.6375 mm, 246.3500 mm): Pad 35 [GND] of U5 on F.Cu
[unconnected_items]: Missing connection between items
    Local override; error
    @(60.0625 mm, 257.0000 mm): Pad 2 [GND] of C20 on F.Cu
    @(60.4500 mm, 252.0375 mm): Pad 23 [GND] of U5 on F.Cu
[unconnected_items]: Missing connection between items
    Local override; error
    @(65.7250 mm, 242.5000 mm): Pad 2 [GND] of C21 on F.Cu
    @(61.6375 mm, 246.3500 mm): Pad 35 [GND] of U5 on F.Cu
[unconnected_items]: Missing connection between items
    Local override; error
    @(65.7250 mm, 242.5000 mm): Pad 2 [GND] of C21 on F.Cu
    @(82.4525 mm, 236.5900 mm): Pad 2 [GND] of C33 on F.Cu
[unconnected_items]: Missing connection between items
    Local override; error
    @(65.8625 mm, 251.5000 mm): Pad 2 [GND] of C30 on F.Cu
    @(60.4500 mm, 252.0375 mm): Pad 23 [GND] of U5 on F.Cu
[unconnected_items]: Missing connection between items
    Local override; error
    @(77.3275 mm, 263.9400 mm): Pad 2 [GND] of C19 on F.Cu
    @(77.3275 mm, 265.9100 mm): Pad 2 [GND] of C25 on F.Cu
[unconnected_items]: Missing connection between items
    Local override; error
    @(77.3275 mm, 263.9400 mm): Pad 2 [GND] of C19 on F.Cu
    @(65.8625 mm, 251.5000 mm): Pad 2 [GND] of C30 on F.Cu
[unconnected_items]: Missing connection between items
    Local override; error
    @(81.0000 mm, 265.3000 mm): Pad 4 [GND] of Y1 on F.Cu
    @(77.3275 mm, 265.9100 mm): Pad 2 [GND] of C25 on F.Cu
[unconnected_items]: Missing connection between items
    Local override; error
    @(82.4525 mm, 234.6200 mm): Pad 2 [GND] of C28 on F.Cu
    @(82.4525 mm, 236.5900 mm): Pad 2 [GND] of C33 on F.Cu
[unconnected_items]: Missing connection between items
    Local override; error
    @(83.2000 mm, 267.0000 mm): Pad 2 [GND] of Y1 on F.Cu
    @(81.0000 mm, 265.3000 mm): Pad 4 [GND] of Y1 on F.Cu
[unconnected_items]: Missing connection between items
    Local override; error
    @(83.2000 mm, 267.0000 mm): Pad 2 [GND] of Y1 on F.Cu
    @(156.5000 mm, 266.5000 mm): Pad 2 [GND] of C27 on F.Cu
[unconnected_items]: Missing connection between items
    Local override; error
    @(156.5000 mm, 266.5000 mm): Pad 2 [GND] of C27 on F.Cu
    @(160.3250 mm, 266.5750 mm): Pad 3 [GND] of S1 on F.Cu
[unconnected_items]: Missing connection between items
    Local override; error
    @(160.3250 mm, 266.5750 mm): Pad 3 [GND] of S1 on F.Cu
    @(162.5000 mm, 237.5000 mm): Pad 2 [GND] of R23 on F.Cu
[unconnected_items]: Missing connection between items
    Local override; error
    @(164.6750 mm, 266.5750 mm): Pad 4 [GND] of S1 on F.Cu
    @(160.3250 mm, 266.5750 mm): Pad 3 [GND] of S1 on F.Cu
[unconnected_items]: Missing connection between items
    Local override; error
    @(164.6750 mm, 266.5750 mm): Pad 4 [GND] of S1 on F.Cu
    @(171.4925 mm, 292.1000 mm): Pad 2 [GND] of C35 on F.Cu
[unconnected_items]: Missing connection between items
    Local override; error
    @(166.9125 mm, 236.8400 mm): Pad 2 [GND] of C23 on F.Cu
    @(162.5000 mm, 237.5000 mm): Pad 2 [GND] of R23 on F.Cu
[unconnected_items]: Missing connection between items
    Local override; error
    @(166.9125 mm, 236.8400 mm): Pad 2 [GND] of C23 on F.Cu
    @(235.6500 mm, 250.5000 mm): Pad 3 [GND] of S3 on F.Cu
[unconnected_items]: Missing connection between items
    Local override; error
    @(171.4925 mm, 292.1000 mm): Pad 2 [GND] of C35 on F.Cu
    @(168.1700 mm, 296.1000 mm): Pad 2 [GND] of D6 on F.Cu
[unconnected_items]: Missing connection between items
    Local override; error
    @(173.9750 mm, 292.0000 mm): Pad 1 [GND] of D7 on F.Cu
    @(171.4925 mm, 292.1000 mm): Pad 2 [GND] of C35 on F.Cu
[unconnected_items]: Missing connection between items
    Local override; error
    @(173.9750 mm, 295.0400 mm): Pad 1 [GND] of D8 on F.Cu
    @(173.9750 mm, 292.0000 mm): Pad 1 [GND] of D7 on F.Cu
[unconnected_items]: Missing connection between items
    Local override; error
    @(235.6500 mm, 250.5000 mm): Pad 3 [GND] of S3 on F.Cu
    @(240.0000 mm, 250.5000 mm): Pad 4 [GND] of S3 on F.Cu
[unconnected_items]: Missing connection between items
    Local override; error
    @(240.0000 mm, 250.5000 mm): Pad 4 [GND] of S3 on F.Cu
    @(240.6250 mm, 253.5750 mm): Pad 1 [GND] of JP4 on F.Cu
[unconnected_items]: Missing connection between items
    Local override; error
    @(240.6250 mm, 253.5750 mm): Pad 1 [GND] of JP4 on F.Cu
    @(237.3875 mm, 256.0050 mm): Pad 2 [GND] of C42 on F.Cu
[unconnected_items]: Missing connection between items
    Local override; error
    @(240.6250 mm, 253.5750 mm): Pad 1 [GND] of JP4 on F.Cu
    @(295.5000 mm, 303.4600 mm): PTH pad 4 [GND] of J2
[unconnected_items]: Missing connection between items
    Local override; error
    @(295.5000 mm, 303.4600 mm): PTH pad 4 [GND] of J2
    @(362.3100 mm, 256.4900 mm): PTH pad 4 [GND] of U6
[unconnected_items]: Missing connection between items
    Local override; error
    @(318.6125 mm, 24.8125 mm): Pad 19 [GND] of U7 on F.Cu
    @(319.4125 mm, 24.8125 mm): Pad 17 [GND] of U7 on F.Cu
[unconnected_items]: Missing connection between items
    Local override; error
    @(318.6125 mm, 24.8125 mm): Pad 19 [GND] of U7 on F.Cu
    @(317.5250 mm, 25.5000 mm): Pad 1 [GND] of U7 on F.Cu
[unconnected_items]: Missing connection between items
    Local override; error
    @(319.0125 mm, 26.3000 mm): Pad 21 [GND] of U7 on F.Cu
    @(319.4125 mm, 24.8125 mm): Pad 17 [GND] of U7 on F.Cu
[unconnected_items]: Missing connection between items
    Local override; error
    @(319.4125 mm, 24.8125 mm): Pad 17 [GND] of U7 on F.Cu
    @(320.5700 mm, 22.0000 mm): Pad 2 [GND] of C38 on F.Cu
[unconnected_items]: Missing connection between items
    Local override; error
    @(320.5000 mm, 25.9000 mm): Pad 14 [GND] of U7 on F.Cu
    @(319.4125 mm, 24.8125 mm): Pad 17 [GND] of U7 on F.Cu
[unconnected_items]: Missing connection between items
    Local override; error
    @(324.6700 mm, 24.9300 mm): Pad 2 [GND] of C39 on F.Cu
    @(320.5000 mm, 25.9000 mm): Pad 14 [GND] of U7 on F.Cu
[unconnected_items]: Missing connection between items
    Local override; error
    @(324.6700 mm, 24.9300 mm): Pad 2 [GND] of C39 on F.Cu
    @(451.0425 mm, 181.0200 mm): PTH pad 7 [GND] of U8
[unconnected_items]: Missing connection between items
    Local override; error
    @(362.3100 mm, 256.4900 mm): PTH pad 4 [GND] of U6
    @(378.0625 mm, 246.7850 mm): Pad 2 [GND] of C37 on F.Cu
[unconnected_items]: Missing connection between items
    Local override; error
    @(379.5925 mm, 243.8550 mm): Pad 2 [GND] of C36 on F.Cu
    @(378.0625 mm, 246.7850 mm): Pad 2 [GND] of C37 on F.Cu
[unconnected_items]: Missing connection between items
    Local override; error
    @(379.5925 mm, 243.8550 mm): Pad 2 [GND] of C36 on F.Cu
    @(451.0425 mm, 181.0200 mm): PTH pad 7 [GND] of U8
[unconnected_items]: Missing connection between items
    Local override; error
    @(473.5625 mm, 183.3200 mm): Pad 2 [GND] of R29 on F.Cu
    @(473.5625 mm, 186.2700 mm): Pad 2 [GND] of R30 on F.Cu
[unconnected_items]: Missing connection between items
    Local override; error
    @(473.5625 mm, 183.3200 mm): Pad 2 [GND] of R29 on F.Cu
    @(451.0425 mm, 181.0200 mm): PTH pad 7 [GND] of U8
[unconnected_items]: Missing connection between items
    Local override; error
    @(473.5625 mm, 186.2700 mm): Pad 2 [GND] of R30 on F.Cu
    @(473.2250 mm, 189.0000 mm): Pad 2 [GND] of C41 on F.Cu
[unconnected_items]: Missing connection between items
    Local override; error
    @(474.7550 mm, 180.1700 mm): Pad 2 [GND] of C40 on F.Cu
    @(473.5625 mm, 183.3200 mm): Pad 2 [GND] of R29 on F.Cu
[unconnected_items]: Missing connection between items
    Local override; error
    @(54.7625 mm, 251.3500 mm): Pad 12 [/STM32/USART2_TX] of U5 on F.Cu
    @(363.5000 mm, 243.0500 mm): Pad 1 [/STM32/USART2_TX] of R1 on F.Cu
[unconnected_items]: Missing connection between items
    Local override; error
    @(357.2300 mm, 256.4900 mm): PTH pad 2 [/GPS/GPS_RX] of U6
    @(365.5000 mm, 243.0500 mm): Pad 2 [/GPS/GPS_RX] of R1 on F.Cu
[unconnected_items]: Missing connection between items
    Local override; error
    @(-212.6250 mm, 122.0000 mm): Pad 3 [SEL] of U2 on F.Cu
    @(-208.7125 mm, 134.0000 mm): Pad 1 [SEL] of NT1 on F.Cu
[unconnected_items]: Missing connection between items
    Local override; error
    @(-243.5625 mm, 101.5000 mm): Pad 1 [+VUSB] of C3 on F.Cu
    @(-240.6500 mm, 106.5000 mm): Pad A4 [+VUSB] of J1 on F.Cu
[unconnected_items]: Missing connection between items
    Local override; error
    @(-235.8500 mm, 106.5000 mm): Pad A9 [+VUSB] of J1 on F.Cu
    @(-240.6500 mm, 106.5000 mm): Pad A4 [+VUSB] of J1 on F.Cu
[unconnected_items]: Missing connection between items
    Local override; error
    @(-235.8500 mm, 106.5000 mm): Pad A9 [+VUSB] of J1 on F.Cu
    @(-231.0000 mm, 108.0000 mm): Pad 1 [+VUSB] of C4 on F.Cu
[unconnected_items]: Missing connection between items
    Local override; error
    @(-231.0000 mm, 108.0000 mm): Pad 1 [+VUSB] of C4 on F.Cu
    @(-229.3050 mm, 111.2600 mm): Pad 2 [+VUSB] of D1 on F.Cu
[unconnected_items]: Missing connection between items
    Local override; error
    @(-214.5625 mm, 123.9375 mm): Pad 18 [+VUSB] of U2 on F.Cu
    @(-214.0625 mm, 123.9375 mm): Pad 19 [+VUSB] of U2 on F.Cu
[unconnected_items]: Missing connection between items
    Local override; error
    @(-214.5625 mm, 123.9375 mm): Pad 18 [+VUSB] of U2 on F.Cu
    @(-214.9425 mm, 127.6000 mm): Pad 1 [+VUSB] of C8 on F.Cu
[unconnected_items]: Missing connection between items
    Local override; error
    @(-214.5625 mm, 123.9375 mm): Pad 18 [+VUSB] of U2 on F.Cu
    @(-229.3050 mm, 111.2600 mm): Pad 2 [+VUSB] of D1 on F.Cu
[unconnected_items]: Missing connection between items
    Local override; error
    @(-214.0625 mm, 123.9375 mm): Pad 19 [+VUSB] of U2 on F.Cu
    @(-208.6975 mm, 124.0650 mm): Pad 2 [+VUSB] of D4 on F.Cu
[unconnected_items]: Missing connection between items
    Local override; error
    @(-208.6975 mm, 121.0250 mm): Pad 2 [+VUSB] of D5 on F.Cu
    @(-208.6975 mm, 124.0650 mm): Pad 2 [+VUSB] of D4 on F.Cu
[unconnected_items]: Missing connection between items
    Local override; error
    @(-208.6975 mm, 121.0250 mm): Pad 2 [+VUSB] of D5 on F.Cu
    @(-204.2500 mm, 120.7000 mm): Pad 1 [+VUSB] of R11 on F.Cu
[unconnected_items]: Missing connection between items
    Local override; error
    @(-208.6975 mm, 127.1050 mm): Pad 2 [+VUSB] of D3 on F.Cu
    @(-208.6975 mm, 124.0650 mm): Pad 2 [+VUSB] of D4 on F.Cu
[unconnected_items]: Missing connection between items
    Local override; error
    @(-208.6975 mm, 127.1050 mm): Pad 2 [+VUSB] of D3 on F.Cu
    @(-207.7125 mm, 134.0000 mm): Pad 2 [+VUSB] of NT1 on F.Cu
[unconnected_items]: Missing connection between items
    Local override; error
    @(-207.7125 mm, 134.0000 mm): Pad 2 [+VUSB] of NT1 on F.Cu
    @(-199.5000 mm, 132.5000 mm): Pad 1 [+VUSB] of R21 on F.Cu
[unconnected_items]: Missing connection between items
    Local override; error
    @(-207.7125 mm, 135.0000 mm): Pad 2 [+VUSB] of NT2 on F.Cu
    @(-207.7125 mm, 134.0000 mm): Pad 2 [+VUSB] of NT1 on F.Cu
[unconnected_items]: Missing connection between items
    Local override; error
    @(-207.7125 mm, 136.0000 mm): Pad 2 [+VUSB] of NT3 on F.Cu
    @(-207.7125 mm, 135.0000 mm): Pad 2 [+VUSB] of NT2 on F.Cu
[unconnected_items]: Missing connection between items
    Local override; error
    @(-207.7125 mm, 137.0000 mm): Pad 2 [+VUSB] of NT4 on F.Cu
    @(-207.7125 mm, 136.0000 mm): Pad 2 [+VUSB] of NT3 on F.Cu
[unconnected_items]: Missing connection between items
    Local override; error
    @(-110.6500 mm, 186.5500 mm): Pad 5 [+STM_3V3] of U3 on F.Cu
    @(-119.6250 mm, 190.7000 mm): Pad 1 [+STM_3V3] of C15 on F.Cu
[unconnected_items]: Missing connection between items
    Local override; error
    @(-107.7250 mm, 189.5200 mm): Pad 1 [+STM_3V3] of C17 on F.Cu
    @(-110.6500 mm, 186.5500 mm): Pad 5 [+STM_3V3] of U3 on F.Cu
[unconnected_items]: Missing connection between items
    Local override; error
    @(-107.7250 mm, 189.5200 mm): Pad 1 [+STM_3V3] of C17 on F.Cu
    @(45.5000 mm, 241.9200 mm): Pad 1 [+STM_3V3] of R24 on F.Cu
[unconnected_items]: Missing connection between items
    Local override; error
    @(45.5000 mm, 241.9200 mm): Pad 1 [+STM_3V3] of R24 on F.Cu
    @(50.1875 mm, 240.8200 mm): Pad 1 [+STM_3V3] of C24 on F.Cu
[unconnected_items]: Missing connection between items
    Local override; error
    @(45.5000 mm, 244.8700 mm): Pad 1 [+STM_3V3] of R25 on F.Cu
    @(45.5000 mm, 241.9200 mm): Pad 1 [+STM_3V3] of R24 on F.Cu
[unconnected_items]: Missing connection between items
    Local override; error
    @(50.1875 mm, 240.8200 mm): Pad 1 [+STM_3V3] of C24 on F.Cu
    @(50.1875 mm, 243.3300 mm): Pad 1 [+STM_3V3] of C26 on F.Cu
[unconnected_items]: Missing connection between items
    Local override; error
    @(50.1875 mm, 248.3500 mm): Pad 1 [+STM_3V3] of C29 on F.Cu
    @(50.1875 mm, 243.3300 mm): Pad 1 [+STM_3V3] of C26 on F.Cu
[unconnected_items]: Missing connection between items
    Local override; error
    @(50.1875 mm, 248.3500 mm): Pad 1 [+STM_3V3] of C29 on F.Cu
    @(54.7625 mm, 245.8500 mm): Pad 1 [+STM_3V3] of U5 on F.Cu
[unconnected_items]: Missing connection between items
    Local override; error
    @(50.1875 mm, 253.3700 mm): Pad 1 [+STM_3V3] of C32 on F.Cu
    @(50.1875 mm, 248.3500 mm): Pad 1 [+STM_3V3] of C29 on F.Cu
[unconnected_items]: Missing connection between items
    Local override; error
    @(53.1500 mm, 257.5000 mm): Pad 2 [+STM_3V3] of JP3 on F.Cu
    @(56.9375 mm, 257.0000 mm): Pad 1 [+STM_3V3] of C20 on F.Cu
[unconnected_items]: Missing connection between items
    Local override; error
    @(53.1500 mm, 257.5000 mm): Pad 2 [+STM_3V3] of JP3 on F.Cu
    @(50.1875 mm, 253.3700 mm): Pad 1 [+STM_3V3] of C32 on F.Cu
[unconnected_items]: Missing connection between items
    Local override; error
    @(54.7625 mm, 245.8500 mm): Pad 1 [+STM_3V3] of U5 on F.Cu
    @(55.4500 mm, 245.1625 mm): Pad 48 [+STM_3V3] of U5 on F.Cu
[unconnected_items]: Missing connection between items
    Local override; error
    @(61.6375 mm, 245.8500 mm): Pad 36 [+STM_3V3] of U5 on F.Cu
    @(63.9325 mm, 246.9200 mm): Pad 1 [+STM_3V3] of FB1 on F.Cu
[unconnected_items]: Missing connection between items
    Local override; error
    @(61.6375 mm, 245.8500 mm): Pad 36 [+STM_3V3] of U5 on F.Cu
    @(55.4500 mm, 245.1625 mm): Pad 48 [+STM_3V3] of U5 on F.Cu
[unconnected_items]: Missing connection between items
    Local override; error
    @(63.9325 mm, 246.9200 mm): Pad 1 [+STM_3V3] of FB1 on F.Cu
    @(60.9500 mm, 252.0375 mm): Pad 24 [+STM_3V3] of U5 on F.Cu
[unconnected_items]: Missing connection between items
    Local override; error
    @(64.0000 mm, 242.5000 mm): Pad 1 [+STM_3V3] of C21 on F.Cu
    @(61.6375 mm, 245.8500 mm): Pad 36 [+STM_3V3] of U5 on F.Cu
[unconnected_items]: Missing connection between items
    Local override; error
    @(154.5000 mm, 262.5000 mm): Pad 1 [+STM_3V3] of R22 on F.Cu
    @(161.4275 mm, 234.8350 mm): Pad 3 [+STM_3V3] of S2 on F.Cu
[unconnected_items]: Missing connection between items
    Local override; error
    @(154.5000 mm, 262.5000 mm): Pad 1 [+STM_3V3] of R22 on F.Cu
    @(168.3675 mm, 292.1000 mm): Pad 1 [+STM_3V3] of C35 on F.Cu
[unconnected_items]: Missing connection between items
    Local override; error
    @(154.5000 mm, 262.5000 mm): Pad 1 [+STM_3V3] of R22 on F.Cu
    @(63.9325 mm, 246.9200 mm): Pad 1 [+STM_3V3] of FB1 on F.Cu
[unconnected_items]: Missing connection between items
    Local override; error
    @(161.4275 mm, 234.8350 mm): Pad 3 [+STM_3V3] of S2 on F.Cu
    @(165.7775 mm, 234.8350 mm): Pad 4 [+STM_3V3] of S2 on F.Cu
[unconnected_items]: Missing connection between items
    Local override; error
    @(170.0000 mm, 295.0000 mm): Pad 4 [+STM_3V3] of D6 on F.Cu
    @(168.3675 mm, 292.1000 mm): Pad 1 [+STM_3V3] of C35 on F.Cu
[unconnected_items]: Missing connection between items
    Local override; error
    @(235.7250 mm, 253.2750 mm): Pad 1 [+STM_3V3] of R31 on F.Cu
    @(165.7775 mm, 234.8350 mm): Pad 4 [+STM_3V3] of S2 on F.Cu
[unconnected_items]: Missing connection between items
    Local override; error
    @(296.0300 mm, 312.6100 mm): Pad 2 [+STM_3V3] of JP1 on F.Cu
    @(235.7250 mm, 253.2750 mm): Pad 1 [+STM_3V3] of R31 on F.Cu
[unconnected_items]: Missing connection between items
    Local override; error
    @(165.5000 mm, 291.5500 mm): Pad 2 [/STM32/STM_LED] of R26 on F.Cu
    @(165.5000 mm, 294.5000 mm): Pad 2 [/STM32/STM_LED] of R27 on F.Cu
[unconnected_items]: Missing connection between items
    Local override; error
    @(176.0250 mm, 292.0000 mm): Pad 2 [/STM32/STM_LED] of D7 on F.Cu
    @(165.5000 mm, 291.5500 mm): Pad 2 [/STM32/STM_LED] of R26 on F.Cu
[unconnected_items]: Missing connection between items
    Local override; error
    @(176.0250 mm, 295.0400 mm): Pad 2 [/STM32/STM_LED] of D8 on F.Cu
    @(176.0250 mm, 292.0000 mm): Pad 2 [/STM32/STM_LED] of D7 on F.Cu
[unconnected_items]: Missing connection between items
    Local override; error
    @(235.6500 mm, 248.3500 mm): Pad 1 [/STM32/PC13] of S3 on F.Cu
    @(237.7250 mm, 253.2750 mm): Pad 2 [/STM32/PC13] of R31 on F.Cu
[unconnected_items]: Missing connection between items
    Local override; error
    @(235.6500 mm, 248.3500 mm): Pad 1 [/STM32/PC13] of S3 on F.Cu
    @(54.7625 mm, 246.3500 mm): Pad 2 [/STM32/PC13] of U5 on F.Cu
[unconnected_items]: Missing connection between items
    Local override; error
    @(237.7250 mm, 253.2750 mm): Pad 2 [/STM32/PC13] of R31 on F.Cu
    @(235.6625 mm, 256.0050 mm): Pad 1 [/STM32/PC13] of C42 on F.Cu
[unconnected_items]: Missing connection between items
    Local override; error
    @(237.7250 mm, 253.2750 mm): Pad 2 [/STM32/PC13] of R31 on F.Cu
    @(241.9250 mm, 253.5750 mm): Pad 2 [/STM32/PC13] of JP4 on F.Cu
[unconnected_items]: Missing connection between items
    Local override; error
    @(240.0000 mm, 248.3500 mm): Pad 2 [/STM32/PC13] of S3 on F.Cu
    @(235.6500 mm, 248.3500 mm): Pad 1 [/STM32/PC13] of S3 on F.Cu
[unconnected_items]: Missing connection between items
    Local override; error
    @(-212.6250 mm, 121.5000 mm): Pad 4 [PROG2] of U2 on F.Cu
    @(-208.7125 mm, 135.0000 mm): Pad 1 [PROG2] of NT2 on F.Cu
[unconnected_items]: Missing connection between items
    Local override; error
    @(-110.1500 mm, 207.0500 mm): Pad 5 [+CRYPT_3V3] of U4 on F.Cu
    @(-120.0625 mm, 211.5500 mm): Pad 1 [+CRYPT_3V3] of C16 on F.Cu
[unconnected_items]: Missing connection between items
    Local override; error
    @(-105.8625 mm, 210.5200 mm): Pad 1 [+CRYPT_3V3] of C18 on F.Cu
    @(-110.1500 mm, 207.0500 mm): Pad 5 [+CRYPT_3V3] of U4 on F.Cu
[unconnected_items]: Missing connection between items
    Local override; error
    @(317.4450 mm, 22.0000 mm): Pad 1 [+CRYPT_3V3] of C38 on F.Cu
    @(319.0125 mm, 24.8125 mm): Pad 18 [+CRYPT_3V3] of U7 on F.Cu
[unconnected_items]: Missing connection between items
    Local override; error
    @(317.4450 mm, 22.0000 mm): Pad 1 [+CRYPT_3V3] of C38 on F.Cu
    @(-105.8625 mm, 210.5200 mm): Pad 1 [+CRYPT_3V3] of C18 on F.Cu
[unconnected_items]: Missing connection between items
    Local override; error
    @(319.0125 mm, 24.8125 mm): Pad 18 [+CRYPT_3V3] of U7 on F.Cu
    @(320.5000 mm, 26.7000 mm): Pad 12 [+CRYPT_3V3] of U7 on F.Cu
[unconnected_items]: Missing connection between items
    Local override; error
    @(320.5000 mm, 26.7000 mm): Pad 12 [+CRYPT_3V3] of U7 on F.Cu
    @(320.5000 mm, 27.1000 mm): Pad 11 [+CRYPT_3V3] of U7 on F.Cu
[unconnected_items]: Missing connection between items
    Local override; error
    @(320.5000 mm, 26.7000 mm): Pad 12 [+CRYPT_3V3] of U7 on F.Cu
    @(322.9450 mm, 24.9300 mm): Pad 1 [+CRYPT_3V3] of C39 on F.Cu
[unconnected_items]: Missing connection between items
    Local override; error
    @(54.7625 mm, 249.8500 mm): Pad 9 [+STM_3V3_A] of U5 on F.Cu
    @(64.1375 mm, 251.5000 mm): Pad 1 [+STM_3V3_A] of C30 on F.Cu
[unconnected_items]: Missing connection between items
    Local override; error
    @(64.1375 mm, 251.5000 mm): Pad 1 [+STM_3V3_A] of C30 on F.Cu
    @(66.2325 mm, 246.9200 mm): Pad 2 [+STM_3V3_A] of FB1 on F.Cu
[unconnected_items]: Missing connection between items
    Local override; error
    @(-165.0000 mm, 130.5000 mm): Pad 1 [+VCOM] of R19 on F.Cu
    @(-168.8000 mm, 132.5000 mm): PTH pad 3 [+VCOM] of SW1
[unconnected_items]: Missing connection between items
    Local override; error
    @(-165.0000 mm, 130.5000 mm): Pad 1 [+VCOM] of R19 on F.Cu
    @(-143.0625 mm, 126.5000 mm): Pad 1 [+VCOM] of C2 on F.Cu
[unconnected_items]: Missing connection between items
    Local override; error
    @(-143.0625 mm, 126.5000 mm): Pad 1 [+VCOM] of C2 on F.Cu
    @(-140.8825 mm, 130.7550 mm): Pad 3 [+VCOM] of U1 on F.Cu
[unconnected_items]: Missing connection between items
    Local override; error
    @(-143.0625 mm, 126.5000 mm): Pad 1 [+VCOM] of C2 on F.Cu
    @(-136.9700 mm, 125.6500 mm): Pad 1 [+VCOM] of L1 on F.Cu
[unconnected_items]: Missing connection between items
    Local override; error
    @(-142.6200 mm, 121.6500 mm): Pad 1 [+VCOM] of R5 on F.Cu
    @(-143.0625 mm, 126.5000 mm): Pad 1 [+VCOM] of C2 on F.Cu
[unconnected_items]: Missing connection between items
    Local override; error
    @(-141.1200 mm, 134.1500 mm): Pad 1 [+VCOM] of C1 on F.Cu
    @(-140.8825 mm, 130.7550 mm): Pad 3 [+VCOM] of U1 on F.Cu
[unconnected_items]: Missing connection between items
    Local override; error
    @(-140.8825 mm, 130.2550 mm): Pad 2 [/Power/TPS_EN] of U1 on F.Cu
    @(-140.6200 mm, 121.6500 mm): Pad 2 [/Power/TPS_EN] of R5 on F.Cu
[unconnected_items]: Missing connection between items
    Local override; error
    @(76.0000 mm, 235.5000 mm): Pad 2 [RCC_OSC32_IN] of Y2 on F.Cu
    @(54.7625 mm, 246.8500 mm): Pad 3 [RCC_OSC32_IN] of U5 on F.Cu
[unconnected_items]: Missing connection between items
    Local override; error
    @(81.3175 mm, 234.6200 mm): Pad 1 [RCC_OSC32_IN] of C28 on F.Cu
    @(76.0000 mm, 235.5000 mm): Pad 2 [RCC_OSC32_IN] of Y2 on F.Cu
[unconnected_items]: Missing connection between items
    Local override; error
    @(78.5000 mm, 235.5000 mm): Pad 1 [RCC_OSC32_OUT] of Y2 on F.Cu
    @(54.7625 mm, 247.3500 mm): Pad 4 [RCC_OSC32_OUT] of U5 on F.Cu
[unconnected_items]: Missing connection between items
    Local override; error
    @(81.3175 mm, 236.5900 mm): Pad 1 [RCC_OSC32_OUT] of C33 on F.Cu
    @(78.5000 mm, 235.5000 mm): Pad 1 [RCC_OSC32_OUT] of Y2 on F.Cu
[unconnected_items]: Missing connection between items
    Local override; error
    @(54.7625 mm, 247.8500 mm): Pad 5 [RCC_OSC_IN] of U5 on F.Cu
    @(76.1925 mm, 265.9100 mm): Pad 1 [RCC_OSC_IN] of C25 on F.Cu
[unconnected_items]: Missing connection between items
    Local override; error
    @(76.1925 mm, 265.9100 mm): Pad 1 [RCC_OSC_IN] of C25 on F.Cu
    @(83.2000 mm, 265.3000 mm): Pad 3 [RCC_OSC_IN] of Y1 on F.Cu
[unconnected_items]: Missing connection between items
    Local override; error
    @(54.7625 mm, 248.3500 mm): Pad 6 [RCC_OSC_OUT] of U5 on F.Cu
    @(76.1925 mm, 263.9400 mm): Pad 1 [RCC_OSC_OUT] of C19 on F.Cu
[unconnected_items]: Missing connection between items
    Local override; error
    @(76.1925 mm, 263.9400 mm): Pad 1 [RCC_OSC_OUT] of C19 on F.Cu
    @(81.0000 mm, 267.0000 mm): Pad 1 [RCC_OSC_OUT] of Y1 on F.Cu
[unconnected_items]: Missing connection between items
    Local override; error
    @(154.7750 mm, 266.5000 mm): Pad 1 [NRST] of C27 on F.Cu
    @(54.7625 mm, 248.8500 mm): Pad 7 [NRST] of U5 on F.Cu
[unconnected_items]: Missing connection between items
    Local override; error
    @(156.5000 mm, 262.5000 mm): Pad 2 [NRST] of R22 on F.Cu
    @(160.3250 mm, 264.4250 mm): Pad 1 [NRST] of S1 on F.Cu
[unconnected_items]: Missing connection between items
    Local override; error
    @(156.5000 mm, 262.5000 mm): Pad 2 [NRST] of R22 on F.Cu
    @(154.7750 mm, 266.5000 mm): Pad 1 [NRST] of C27 on F.Cu
[unconnected_items]: Missing connection between items
    Local override; error
    @(164.6750 mm, 264.4250 mm): Pad 2 [NRST] of S1 on F.Cu
    @(160.3250 mm, 264.4250 mm): Pad 1 [NRST] of S1 on F.Cu
[unconnected_items]: Missing connection between items
    Local override; error
    @(296.0300 mm, 316.1600 mm): Pad 2 [NRST] of JP2 on F.Cu
    @(164.6750 mm, 264.4250 mm): Pad 2 [NRST] of S1 on F.Cu
[unconnected_items]: Missing connection between items
    Local override; error
    @(55.4500 mm, 252.0375 mm): Pad 13 [/STM32/USART2_RX] of U5 on F.Cu
    @(342.0000 mm, 250.0000 mm): Pad 1 [/STM32/USART2_RX] of R2 on F.Cu
[unconnected_items]: Missing connection between items
    Local override; error
    @(-163.0000 mm, 130.5000 mm): Pad 2 [/Power/POWER_VOLTAGE] of R19 on F.Cu
    @(-165.0000 mm, 133.4500 mm): Pad 1 [/Power/POWER_VOLTAGE] of R20 on F.Cu
[unconnected_items]: Missing connection between items
    Local override; error
    @(56.9500 mm, 252.0375 mm): Pad 16 [/Power/POWER_VOLTAGE] of U5 on F.Cu
    @(-163.0000 mm, 130.5000 mm): Pad 2 [/Power/POWER_VOLTAGE] of R19 on F.Cu
[unconnected_items]: Missing connection between items
    Local override; error
    @(58.4500 mm, 252.0375 mm): Pad 19 [PROG_LED] of U5 on F.Cu
    @(170.0000 mm, 296.1000 mm): Pad 3 [PROG_LED] of D6 on F.Cu
[unconnected_items]: Missing connection between items
    Local override; error
    @(45.5000 mm, 253.7200 mm): Pad 1 [BOOT1] of R28 on F.Cu
    @(51.8500 mm, 257.5000 mm): Pad 1 [BOOT1] of JP3 on F.Cu
[unconnected_items]: Missing connection between items
    Local override; error
    @(51.8500 mm, 257.5000 mm): Pad 1 [BOOT1] of JP3 on F.Cu
    @(58.9500 mm, 252.0375 mm): Pad 20 [BOOT1] of U5 on F.Cu
[unconnected_items]: Missing connection between items
    Local override; error
    @(55.0000 mm, 241.5000 mm): Pad 1 [/STM32/VCAP_1] of C34 on F.Cu
    @(59.9500 mm, 252.0375 mm): Pad 22 [/STM32/VCAP_1] of U5 on F.Cu
[unconnected_items]: Missing connection between items
    Local override; error
    @(61.6375 mm, 251.3500 mm): Pad 25 [STATUS_LED_0] of U5 on F.Cu
    @(163.5000 mm, 291.5500 mm): Pad 1 [STATUS_LED_0] of R26 on F.Cu
[unconnected_items]: Missing connection between items
    Local override; error
    @(61.6375 mm, 250.8500 mm): Pad 26 [STATUS_LED_1] of U5 on F.Cu
    @(163.5000 mm, 294.5000 mm): Pad 1 [STATUS_LED_1] of R27 on F.Cu
[unconnected_items]: Missing connection between items
    Local override; error
    @(463.7425 mm, 181.0200 mm): PTH pad 2 [/LoRA/LORA_M1] of U8
    @(61.6375 mm, 250.3500 mm): Pad 27 [/LoRA/LORA_M1] of U5 on F.Cu
[unconnected_items]: Missing connection between items
    Local override; error
    @(471.5625 mm, 186.2700 mm): Pad 1 [/LoRA/LORA_M1] of R30 on F.Cu
    @(463.7425 mm, 181.0200 mm): PTH pad 2 [/LoRA/LORA_M1] of U8
[unconnected_items]: Missing connection between items
    Local override; error
    @(466.2825 mm, 181.0200 mm): PTH pad 1 [/LoRA/LORA_M0] of U8
    @(61.6375 mm, 249.8500 mm): Pad 28 [/LoRA/LORA_M0] of U5 on F.Cu
[unconnected_items]: Missing connection between items
    Local override; error
    @(471.5625 mm, 183.3200 mm): Pad 1 [/LoRA/LORA_M0] of R29 on F.Cu
    @(466.2825 mm, 181.0200 mm): PTH pad 1 [/LoRA/LORA_M0] of U8
[unconnected_items]: Missing connection between items
    Local override; error
    @(61.6375 mm, 248.8500 mm): Pad 30 [/STM32/USART1_TX] of U5 on F.Cu
    @(459.0000 mm, 170.0000 mm): Pad 1 [/STM32/USART1_TX] of R3 on F.Cu
[unconnected_items]: Missing connection between items
    Local override; error
    @(61.6375 mm, 248.3500 mm): Pad 31 [/STM32/USART1_RX] of U5 on F.Cu
    @(459.0000 mm, 172.9500 mm): Pad 1 [/STM32/USART1_RX] of R4 on F.Cu
[unconnected_items]: Missing connection between items
    Local override; error
    @(61.6375 mm, 246.8500 mm): Pad 34 [SYS_JTMS-SWDIO] of U5 on F.Cu
    @(295.5000 mm, 300.9200 mm): PTH pad 3 [SYS_JTMS-SWDIO] of J2
[unconnected_items]: Missing connection between items
    Local override; error
    @(60.9500 mm, 245.1625 mm): Pad 37 [SYS_JTCK-SWCLK] of U5 on F.Cu
    @(295.5000 mm, 306.0000 mm): PTH pad 5 [SYS_JTCK-SWCLK] of J2
[unconnected_items]: Missing connection between items
    Local override; error
    @(59.9500 mm, 245.1625 mm): Pad 39 [SYS_JTDO-SWO] of U5 on F.Cu
    @(295.5000 mm, 295.8400 mm): PTH pad 1 [SYS_JTDO-SWO] of J2
[unconnected_items]: Missing connection between items
    Local override; error
    @(58.9500 mm, 245.1625 mm): Pad 41 [/LoRA/AUX] of U5 on F.Cu
    @(456.1225 mm, 181.0200 mm): PTH pad 5 [/LoRA/AUX] of U8
[unconnected_items]: Missing connection between items
    Local override; error
    @(57.4500 mm, 245.1625 mm): Pad 44 [BOOT0] of U5 on F.Cu
    @(160.5000 mm, 237.5000 mm): Pad 1 [BOOT0] of R23 on F.Cu
[unconnected_items]: Missing connection between items
    Local override; error
    @(160.5000 mm, 237.5000 mm): Pad 1 [BOOT0] of R23 on F.Cu
    @(165.1875 mm, 236.8400 mm): Pad 1 [BOOT0] of C23 on F.Cu
[unconnected_items]: Missing connection between items
    Local override; error
    @(165.1875 mm, 236.8400 mm): Pad 1 [BOOT0] of C23 on F.Cu
    @(165.7775 mm, 232.6850 mm): Pad 2 [BOOT0] of S2 on F.Cu
[unconnected_items]: Missing connection between items
    Local override; error
    @(165.7775 mm, 232.6850 mm): Pad 2 [BOOT0] of S2 on F.Cu
    @(161.4275 mm, 232.6850 mm): Pad 1 [BOOT0] of S2 on F.Cu
[unconnected_items]: Missing connection between items
    Local override; error
    @(47.5000 mm, 241.9200 mm): Pad 2 [/Crypt/CRYPT_SCL] of R24 on F.Cu
    @(56.9500 mm, 245.1625 mm): Pad 45 [/Crypt/CRYPT_SCL] of U5 on F.Cu
[unconnected_items]: Missing connection between items
    Local override; error
    @(56.9500 mm, 245.1625 mm): Pad 45 [/Crypt/CRYPT_SCL] of U5 on F.Cu
    @(319.8125 mm, 27.7875 mm): Pad 10 [/Crypt/CRYPT_SCL] of U7 on F.Cu
[unconnected_items]: Missing connection between items
    Local override; error
    @(47.5000 mm, 244.8700 mm): Pad 2 [/Crypt/CRYPT_SDA] of R25 on F.Cu
    @(56.4500 mm, 245.1625 mm): Pad 46 [/Crypt/CRYPT_SDA] of U5 on F.Cu
[unconnected_items]: Missing connection between items
    Local override; error
    @(56.4500 mm, 245.1625 mm): Pad 46 [/Crypt/CRYPT_SDA] of U5 on F.Cu
    @(319.4125 mm, 27.7875 mm): Pad 9 [/Crypt/CRYPT_SDA] of U7 on F.Cu
[unconnected_items]: Missing connection between items
    Local override; error
    @(294.7300 mm, 312.6100 mm): Pad 1 [Net-(J2-Pin_6)] of JP1 on F.Cu
    @(295.5000 mm, 308.5400 mm): PTH pad 6 [Net-(J2-Pin_6)] of J2
[unconnected_items]: Missing connection between items
    Local override; error
    @(344.0000 mm, 250.0000 mm): Pad 2 [/GPS/GPS_TX] of R2 on F.Cu
    @(359.7700 mm, 256.4900 mm): PTH pad 3 [/GPS/GPS_TX] of U6
[unconnected_items]: Missing connection between items
    Local override; error
    @(-242.0000 mm, 152.0000 mm): Pad 1 [+BATT_PROC] of D2 on F.Cu
    @(-232.9375 mm, 151.9500 mm): Pad 2 [+BATT_PROC] of Q1 on F.Cu
[unconnected_items]: Missing connection between items
    Local override; error
    @(-232.9375 mm, 151.9500 mm): Pad 2 [+BATT_PROC] of Q1 on F.Cu
    @(-214.9425 mm, 130.9500 mm): Pad 1 [+BATT_PROC] of C9 on F.Cu
[unconnected_items]: Missing connection between items
    Local override; error
    @(-216.5000 mm, 123.0000 mm): Pad 15 [+BATT_PROC] of U2 on F.Cu
    @(-216.5000 mm, 122.5000 mm): Pad 14 [+BATT_PROC] of U2 on F.Cu
[unconnected_items]: Missing connection between items
    Local override; error
    @(-215.5625 mm, 123.9375 mm): Pad 16 [+BATT_PROC] of U2 on F.Cu
    @(-216.5000 mm, 123.0000 mm): Pad 15 [+BATT_PROC] of U2 on F.Cu
[unconnected_items]: Missing connection between items
    Local override; error
    @(-214.9425 mm, 130.9500 mm): Pad 1 [+BATT_PROC] of C9 on F.Cu
    @(-215.5625 mm, 123.9375 mm): Pad 16 [+BATT_PROC] of U2 on F.Cu
[unconnected_items]: Missing connection between items
    Local override; error
    @(-212.6250 mm, 121.0000 mm): Pad 5 [THERM] of U2 on F.Cu
    @(-204.2500 mm, 132.5000 mm): Pad 1 [THERM] of R15 on F.Cu
[unconnected_items]: Missing connection between items
    Local override; error
    @(-231.0625 mm, 151.0000 mm): Pad 3 [+BATT] of Q1 on F.Cu
    @(-231.0000 mm, 156.5000 mm): PTH pad 1 [+BATT] of BT1
[unconnected_items]: Missing connection between items
    Local override; error
    @(-139.4575 mm, 130.2550 mm): Pad 5 [/Power/TPS_SW] of U1 on F.Cu
    @(-133.2700 mm, 125.6500 mm): Pad 2 [/Power/TPS_SW] of L1 on F.Cu
[unconnected_items]: Missing connection between items
    Local override; error
    @(-213.5625 mm, 123.9375 mm): Pad 20 [+MCP_OUT] of U2 on F.Cu
    @(-214.9425 mm, 134.3000 mm): Pad 1 [+MCP_OUT] of C10 on F.Cu
[unconnected_items]: Missing connection between items
    Local override; error
    @(-212.6250 mm, 123.0000 mm): Pad 1 [+MCP_OUT] of U2 on F.Cu
    @(-213.5625 mm, 123.9375 mm): Pad 20 [+MCP_OUT] of U2 on F.Cu
[unconnected_items]: Missing connection between items
    Local override; error
    @(-173.5000 mm, 132.5000 mm): PTH pad 2 [+MCP_OUT] of SW1
    @(-212.6250 mm, 123.0000 mm): Pad 1 [+MCP_OUT] of U2 on F.Cu
[unconnected_items]: Missing connection between items
    Local override; error
    @(-213.5625 mm, 120.0625 mm): Pad 6 [/Power/~{PG}] of U2 on F.Cu
    @(-204.2500 mm, 135.4500 mm): Pad 1 [/Power/~{PG}] of R16 on F.Cu
[unconnected_items]: Missing connection between items
    Local override; error
    @(-214.0625 mm, 120.0625 mm): Pad 7 [/Power/STAT2] of U2 on F.Cu
    @(-199.5000 mm, 123.6500 mm): Pad 1 [/Power/STAT2] of R18 on F.Cu
[unconnected_items]: Missing connection between items
    Local override; error
    @(-214.5625 mm, 120.0625 mm): Pad 8 [/Power/~{LBO}] of U2 on F.Cu
    @(-199.5000 mm, 120.7000 mm): Pad 1 [/Power/~{LBO}] of R17 on F.Cu
[unconnected_items]: Missing connection between items
    Local override; error
    @(-215.0625 mm, 120.0625 mm): Pad 9 [~{TE}] of U2 on F.Cu
    @(-208.7125 mm, 136.0000 mm): Pad 1 [~{TE}] of NT3 on F.Cu
[unconnected_items]: Missing connection between items
    Local override; error
    @(-216.5000 mm, 121.5000 mm): Pad 12 [PROG3] of U2 on F.Cu
    @(-204.2500 mm, 129.5500 mm): Pad 1 [PROG3] of R14 on F.Cu
[unconnected_items]: Missing connection between items
    Local override; error
    @(-216.5000 mm, 122.0000 mm): Pad 13 [PROG1] of U2 on F.Cu
    @(-204.2500 mm, 126.6000 mm): Pad 1 [PROG1] of R13 on F.Cu
[unconnected_items]: Missing connection between items
    Local override; error
    @(-215.0625 mm, 123.9375 mm): Pad 17 [CE] of U2 on F.Cu
    @(-208.7125 mm, 137.0000 mm): Pad 1 [CE] of NT4 on F.Cu
[unconnected_items]: Missing connection between items
    Local override; error
    @(458.6625 mm, 181.0200 mm): PTH pad 4 [/LoRA/LORA_TX] of U8
    @(461.0000 mm, 172.9500 mm): Pad 2 [/LoRA/LORA_TX] of R4 on F.Cu
[unconnected_items]: Missing connection between items
    Local override; error
    @(-206.6475 mm, 127.1050 mm): Pad 1 [Net-(D3-K)] of D3 on F.Cu
    @(-202.2500 mm, 135.4500 mm): Pad 2 [Net-(D3-K)] of R16 on F.Cu
[unconnected_items]: Missing connection between items
    Local override; error
    @(-238.0000 mm, 152.0000 mm): Pad 2 [/Power/PMOS_GATE] of D2 on F.Cu
    @(-232.9375 mm, 150.0500 mm): Pad 1 [/Power/PMOS_GATE] of Q1 on F.Cu
[unconnected_items]: Missing connection between items
    Local override; error
    @(-232.9375 mm, 150.0500 mm): Pad 1 [/Power/PMOS_GATE] of Q1 on F.Cu
    @(-229.5000 mm, 143.5000 mm): Pad 2 [/Power/PMOS_GATE] of R8 on F.Cu
[unconnected_items]: Missing connection between items
    Local override; error
    @(-239.5000 mm, 106.5000 mm): Pad A5 [/Power/CC1] of J1 on F.Cu
    @(-235.5000 mm, 102.5000 mm): Pad 1 [/Power/CC1] of R6 on F.Cu
[unconnected_items]: Missing connection between items
    Local override; error
    @(-206.6475 mm, 121.0250 mm): Pad 1 [Net-(D5-K)] of D5 on F.Cu
    @(-197.5000 mm, 123.6500 mm): Pad 2 [Net-(D5-K)] of R18 on F.Cu
[unconnected_items]: Missing connection between items
    Local override; error
    @(-206.6475 mm, 124.0650 mm): Pad 1 [Net-(D4-K)] of D4 on F.Cu
    @(-197.5000 mm, 120.7000 mm): Pad 2 [Net-(D4-K)] of R17 on F.Cu
[unconnected_items]: Missing connection between items
    Local override; error
    @(-236.5000 mm, 106.5000 mm): Pad B5 [/Power/CC2] of J1 on F.Cu
    @(-231.0000 mm, 102.9500 mm): Pad 1 [/Power/CC2] of R7 on F.Cu
[unconnected_items]: Missing connection between items
    Local override; error
    @(294.7300 mm, 316.1600 mm): Pad 1 [Net-(J2-Pin_2)] of JP2 on F.Cu
    @(295.5000 mm, 298.3800 mm): PTH pad 2 [Net-(J2-Pin_2)] of J2
[unconnected_items]: Missing connection between items
    Local override; error
    @(461.0000 mm, 170.0000 mm): Pad 2 [/LoRA/LORA_RX] of R3 on F.Cu
    @(461.2025 mm, 181.0200 mm): PTH pad 3 [/LoRA/LORA_RX] of U8

** Found 0 Footprint errors **

** Ignored checks **
    - Footprint has no courtyard defined
    - Track endpoint not centered on via
    - Tuning profile track geometries
    - Footprint doesn't match symbol's footprint filters
    - Footprint component type doesn't match footprint pads

** End of Report **
